set client_min_messages to warning;
create extension if not exists plpgsql_check;
set client_min_messages to notice;
--
-- Tests of the plugin multiplexer.
--
-- The plugin of plpgsql allows one client only, so plpgsql_check
-- registers a multiplexer, which dispatches the events to the tracer,
-- to the profiler and to the passive check.  The multiplexer keeps a
-- stack of the entered statements per an executed routine, and it has
-- to unwind the stack when an exception aborts the execution.
--
-- the multiplexer is installed when the library is loaded, so the
-- routines which are already running have no state allocated for them,
-- and the events of their statements have to be ignored (this is a no
-- operation when the library is preloaded)
do $$
begin
  execute 'load ''plpgsql_check''';
  perform 1;
end;
$$;
select plpgsql_check_tracer(true, 'terse');
NOTICE:  tracer is active
NOTICE:  tracer verbosity is terse
NOTICE:  tracer is still blocked
DETAIL:  The tracer should be enabled by the superuser for security reasons.
HINT:  Execute "set plpgsql_check.enable_tracer to on" (superuser only).
 plpgsql_check_tracer 
----------------------
 t
(1 row)

set plpgsql_check.enable_tracer to on;
set plpgsql_check.tracer_test_mode to true;
set plpgsql_check.profiler to on;
create function pd_f1(a int) returns int as $$
begin
  if a = 0 then
    raise exception 'pd_f1 failed';
  end if;
  return a;
end;
$$ language plpgsql;
create function pd_f2(a int) returns int as $$
declare res int;
begin
  begin
    res := pd_f1(a);
  exception when others then
    res := -1;
  end;
  return res;
end;
$$ language plpgsql;
-- no exception, the statements are closed in the expected order
select pd_f2(1);
NOTICE:  #0   start of pd_f2 (oid=0, tnl=1)
NOTICE:  #1   start of pd_f1 (oid=0, tnl=2)
NOTICE:  #1   end of pd_f1
NOTICE:  #0   end of pd_f2
 pd_f2 
-------
     1
(1 row)

-- the called routine is aborted, so its part of the stack is unwound
-- when the outer routine continues
select pd_f2(0);
NOTICE:  #0   start of pd_f2 (oid=0, tnl=1)
NOTICE:  #1   start of pd_f1 (oid=0, tnl=2)
NOTICE:  #1   end of pd_f1 aborted
NOTICE:  #0   end of pd_f2
 pd_f2 
-------
    -1
(1 row)

-- the same, but the exception is raised in a deeper nested block, so
-- more statements have to be closed at once
create function pd_f3(a int) returns int as $$
declare res int;
begin
  begin
    for i in 1..3 loop
      if i = 2 then
        res := pd_f1(a);
      end if;
    end loop;
  exception when others then
    res := -1;
  end;
  return res;
end;
$$ language plpgsql;
select pd_f3(0);
NOTICE:  #0   start of pd_f3 (oid=0, tnl=1)
NOTICE:  #1   start of pd_f1 (oid=0, tnl=2)
NOTICE:  #1   end of pd_f1 aborted
NOTICE:  #0   end of pd_f3
 pd_f3 
-------
    -1
(1 row)

-- an exception which is not handled by the executed routine leaves the
-- whole stack open
do $$
begin
  perform pd_f3(1);
  perform pd_f1(0);
exception when others then
  raise notice 'handled by the block';
end;
$$;
NOTICE:  #0   start of inline code block (oid=0, tnl=1)
NOTICE:  #2   start of pd_f3 (oid=0, tnl=2)
NOTICE:  #3   start of pd_f1 (oid=0, tnl=3)
NOTICE:  #3   end of pd_f1
NOTICE:  #2   end of pd_f3
NOTICE:  #2   start of pd_f1 (oid=0, tnl=2)
NOTICE:  #2   end of pd_f1 aborted
NOTICE:  handled by the block
NOTICE:  #0   end of inline code block
-- an exception raised by an inline block, which is not handled at all
do $$
begin
  perform pd_f1(0);
end;
$$;
NOTICE:  #0   start of inline code block (oid=0, tnl=1)
NOTICE:  #2   start of pd_f1 (oid=0, tnl=1)
NOTICE:  #2   end of pd_f1 aborted
NOTICE:  #0   end of inline code block aborted
ERROR:  pd_f1 failed
CONTEXT:  PL/pgSQL function pd_f1(integer) line 4 at RAISE
SQL statement "SELECT pd_f1(0)"
PL/pgSQL function inline_code_block line 3 at PERFORM
-- the memory of an aborted inline block is released later than the
-- memory of an aborted routine, so its entry has to be removed from the
-- stack of the multiplexer when the outer routine continues
create function pd_f4() returns int as $$
declare res int;
begin
  begin
    execute 'do $x$ begin perform pd_f1(0); end $x$';
  exception when others then
    res := -1;
  end;
  res := coalesce(res, 0);
  return res;
end;
$$ language plpgsql;
select pd_f4();
NOTICE:  #0   start of pd_f4 (oid=0, tnl=1)
NOTICE:  #2   start of inline code block (oid=0, tnl=2)
NOTICE:  #4   start of pd_f1 (oid=0, tnl=2)
NOTICE:  #4   end of pd_f1 aborted
NOTICE:  #2   end of inline code block aborted
NOTICE:  #0   end of pd_f4
 pd_f4 
-------
    -1
(1 row)

-- when a plugin raises an exception, the multiplexer has to restore the
-- plugin info of the executed routine before the exception is reraised
set plpgsql_check.cursors_leaks to on;
set plpgsql_check.cursors_leaks_errlevel to 'error';
create function pd_f5() returns int as $$
declare c refcursor;
begin
  open c for select 1;
  return 1;
end;
$$ language plpgsql;
-- the leaked cursor is detected when the routine is left
set plpgsql_check.strict_cursors_leaks to on;
do $$
begin
  perform pd_f5();
exception when others then
  raise notice 'leak reported: %', sqlerrm;
end;
$$;
NOTICE:  #0   start of inline code block (oid=0, tnl=1)
NOTICE:  #2   start of pd_f5 (oid=0, tnl=2)
NOTICE:  #2   end of pd_f5
NOTICE:  leak reported: cursor is not closed
NOTICE:  #0   end of inline code block
-- and when the statement which opened it is executed again
set plpgsql_check.strict_cursors_leaks to off;
create function pd_f6() returns int as $$
declare c refcursor;
begin
  for i in 1..2 loop
    c := 'pd_cursor_' || i;
    open c for select 1;
  end loop;
  return 1;
end;
$$ language plpgsql;
do $$
begin
  perform pd_f6();
exception when others then
  raise notice 'leak reported: %', sqlerrm;
end;
$$;
NOTICE:  #0   start of inline code block (oid=0, tnl=1)
NOTICE:  #2   start of pd_f6 (oid=0, tnl=2)
NOTICE:  #2   end of pd_f6 aborted
NOTICE:  leak reported: cursor "c" is not closed
NOTICE:  #0   end of inline code block
set plpgsql_check.strict_cursors_leaks to default;
set plpgsql_check.cursors_leaks_errlevel to default;
set plpgsql_check.cursors_leaks to default;
-- the multiplexer is not used when no plugin is active
set plpgsql_check.enable_tracer to off;
set plpgsql_check.profiler to off;
select pd_f2(0);
 pd_f2 
-------
    -1
(1 row)

-- the profiler alone
set plpgsql_check.profiler to on;
select pd_f2(0);
 pd_f2 
-------
    -1
(1 row)

set plpgsql_check.profiler to off;
set plpgsql_check.enable_tracer to off;
select plpgsql_check_tracer(false, 'default');
NOTICE:  tracer is not active
NOTICE:  tracer verbosity is default
 plpgsql_check_tracer 
----------------------
 f
(1 row)

-- Recursive callers keep their cursors open, but each invocation closes its own
set plpgsql_check.cursors_leaks to on;
set plpgsql_check.strict_cursors_leaks to off;
set plpgsql_check.cursors_leaks_errlevel to 'error';
create function pd_cursor_recursive(depth int) returns void as $$
declare c refcursor;
begin
  open c for select 1;
  if depth > 0 then
    perform pd_cursor_recursive(depth - 1);
  end if;
  close c;
end;
$$ language plpgsql;
do $$
begin
  perform pd_cursor_recursive(1);
  perform pd_cursor_recursive(1);
end;
$$;
-- Genuine leaks between sequential calls must still be detected
do $$
begin
  perform pd_f5();
  perform pd_f5();
exception when invalid_cursor_state then
  raise notice 'sequential cursor leak detected';
end;
$$;
NOTICE:  sequential cursor leak detected
set plpgsql_check.strict_cursors_leaks to default;
set plpgsql_check.cursors_leaks_errlevel to default;
set plpgsql_check.cursors_leaks to default;
drop function pd_cursor_recursive(int);
drop function pd_f6();
drop function pd_f5();
drop function pd_f4();
drop function pd_f3(int);
drop function pd_f2(int);
drop function pd_f1(int);
-- when no plugin is active for an aborted routine (the tracer and the
-- profiler are disabled now), its entry has to be removed from the stack
-- of the multiplexer too, else the stack would point to released memory
-- when the outer routine continues
create function pd_f7() returns void as $$
begin
  raise exception 'pd_f7 failed';
end;
$$ language plpgsql set plpgsql_check.cursors_leaks = off;
create function pd_f8() returns text as $$
begin
  begin
    perform pd_f7();
  exception when others then
    return 'handled: ' || sqlerrm;
  end;
  return 'not reached';
end;
$$ language plpgsql;
select pd_f8();
         pd_f8         
-----------------------
 handled: pd_f7 failed
(1 row)

-- the same when the error is not handled at all: during the cleanup of the
-- aborted transaction, the reset callback of the outer routine (with an
-- active plugin) must not find the released entry of the inner routine
-- on the stack
create function pd_f10() returns text as $$
begin
  perform pd_f7();
  return 'not reached';
end;
$$ language plpgsql;
select pd_f10();
ERROR:  pd_f7 failed
CONTEXT:  PL/pgSQL function pd_f7() line 3 at RAISE
SQL statement "SELECT pd_f7()"
PL/pgSQL function pd_f10() line 3 at PERFORM
-- an inline block without any active plugin, aborted by a routine with
-- an active plugin, has to unwind the entry of that routine too
create function pd_f9() returns void as $$
begin
  raise exception 'pd_f9 failed';
end;
$$ language plpgsql set plpgsql_check.cursors_leaks = on;
set plpgsql_check.cursors_leaks to off;
do $$
begin
  perform pd_f9();
end;
$$;
ERROR:  pd_f9 failed
CONTEXT:  PL/pgSQL function pd_f9() line 3 at RAISE
SQL statement "SELECT pd_f9()"
PL/pgSQL function inline_code_block line 3 at PERFORM
set plpgsql_check.cursors_leaks to default;
select pd_f8();
         pd_f8         
-----------------------
 handled: pd_f7 failed
(1 row)

drop function pd_f10();
drop function pd_f9();
drop function pd_f8();
drop function pd_f7();
