load 'plpgsql';
create extension if not exists plpgsql_check;
NOTICE:  extension "plpgsql_check" already exists, skipping
set client_min_messages to notice;
set plpgsql_check.regress_test_mode = true;
create table zero_columns();
create function assign_empty_tupdesc() returns int as $$
declare
  v int;
begin
  select * from zero_columns into v;
  execute 'select * from zero_columns' into v;
  return v;
end;
$$ language plpgsql;
select * from plpgsql_check_function('assign_empty_tupdesc()');
                        plpgsql_check_function                         
-----------------------------------------------------------------------
 warning:00000:5:SQL statement:too few attributes for target variables
 Query: select * from zero_columns
 --     ^
 Detail: There are more target variables than output columns in query.
 Hint: Check target variables in SELECT INTO statement.
 Context: at SQL statement to v variables
 warning:00000:6:EXECUTE:too few attributes for target variables
 Query: select * from zero_columns
 --     ^
 Detail: There are more target variables than output columns in query.
 Hint: Check target variables in SELECT INTO statement.
 Context: at EXECUTE to v variables
(12 rows)

drop function assign_empty_tupdesc();
drop table zero_columns;
create function public.int_eq(int, int) returns bool as $$
  select $1 = $2;
$$ language sql;
create operator public.=== (
  leftarg = int, rightarg = int, procedure = public.int_eq
);
create function use_custom_operator() returns bool as $$
begin
  return 1 operator(public.===) 2;
end;
$$ language plpgsql;
select type, schema, name, params from plpgsql_show_dependency_tb('use_custom_operator()');
   type   | schema | name |      params       
----------+--------+------+-------------------
 OPERATOR | public | ===  | (integer,integer)
(1 row)

drop function use_custom_operator();
drop function public.int_eq cascade;
NOTICE:  drop cascades to operator ===(integer,integer)
create function tracked_const_oob() returns void as $$
declare
  str text;
  res int;
begin
  -- assign a string constant, so the strconstvars array is allocated
  str := 'constant';

  -- the dynamic query has much more params than the function has datums
  execute 'select $40'
     into res
    using 1, 2, 3, 4, 5, 6, 7, 8, 9, 10,
          11, 12, 13, 14, 15, 16, 17, 18, 19, 20,
          21, 22, 23, 24, 25, 26, 27, 28, 29, 30,
          31, 32, 33, 34, 35, 36, 37, 38, 39, 'x'::text;

  raise notice '%, %', str, res;
end;
$$ language plpgsql;
select * from plpgsql_check_function('tracked_const_oob()');
                                plpgsql_check_function                                
--------------------------------------------------------------------------------------
 warning:42804:10:EXECUTE:target type is different type than source type
 Detail: cast "text" value to "integer" type
 Hint: The input expression type does not have an assignment cast to the target type.
 Context: at EXECUTE to variable "res" declared on line 4
(4 rows)

drop function tracked_const_oob();
create table returned_expr_tab(a int);
create function returned_expr_null_node() returns setof refcursor as $$
begin
  return query select a::text::refcursor from returned_expr_tab;
end;
$$ language plpgsql;
select * from plpgsql_check_function('returned_expr_null_node()',
                                     compatibility_warnings => true);
                               plpgsql_check_function                                
-------------------------------------------------------------------------------------
 compatibility:00000:3:RETURN QUERY:obsolete setting of refcursor or cursor variable
 Detail: Internal name of cursor should not be specified by users.
(2 rows)

drop function returned_expr_null_node();
drop table returned_expr_tab;
create table rvalue_tab(a int);
create function rvalue_null_node() returns void as $$
declare
  c refcursor;
begin
  c := (select a::text::refcursor from rvalue_tab limit 1);
  raise notice '%', c;
end;
$$ language plpgsql;
select * from plpgsql_check_function('rvalue_null_node()',
                                     compatibility_warnings => true);
 plpgsql_check_function 
------------------------
(0 rows)

drop function rvalue_null_node();
drop table rvalue_tab;
create table assert_column_tab(a int);
create function pragma_assert_column() returns void as $$
declare
  tname text default 'assert_column_tab';
begin
  -- ASSERT-COLUMN expects two variables, only one is passed
  perform plpgsql_check_pragma('assert-column: tname');
  raise notice '%', tname;
end;
$$ language plpgsql;
select * from plpgsql_check_function('pragma_assert_column()');
WARNING:  "assert-column" on line 6 is not processed.
DETAIL:  too few variables for "assert-column" pragma
 plpgsql_check_function 
------------------------
(0 rows)

drop function pragma_assert_column();
drop table assert_column_tab;
create function pragma_sequence_prefix() returns void as $$
begin
  -- 6 chars long pragma name, the sequence handler reads 3 chars behind
  -- the end of the string
  perform plpgsql_check_pragma('SEQUEN');
end;
$$ language plpgsql;
select * from plpgsql_check_function('pragma_sequence_prefix()');
WARNING:  unsupported pragma: SEQUEN
 plpgsql_check_function 
------------------------
(0 rows)

drop function pragma_sequence_prefix();
create function pragma_sequence_misdispatch() returns void as $$
begin
  perform plpgsql_check_pragma('SEQUENCE_FOO');
end;
$$ language plpgsql;
select * from plpgsql_check_function('pragma_sequence_misdispatch()');
WARNING:  unsupported pragma: SEQUENCE_FOO
 plpgsql_check_function 
------------------------
(0 rows)

drop function pragma_sequence_misdispatch();
create function profiled_function() returns int as $$
begin
  return 1;
end;
$$ language plpgsql;
set plpgsql_check.profiler to on;
begin;
select profiled_function();
 profiled_function 
-------------------
                 1
(1 row)

select plpgsql_profiler_reset_all();
 plpgsql_profiler_reset_all 
----------------------------
 
(1 row)

commit;
set plpgsql_check.profiler to off;
drop function profiled_function();
do $$
declare
  src text := '';
begin
  for i in 1..3000 loop
    src := src || 'perform 1;';
  end loop;

  execute format('create or replace function too_many_statements() returns void as $q$
begin
  if false then
    %s
  end if;
end $q$ language plpgsql', src);
end;
$$;
set plpgsql_check.profiler to off;
drop function too_many_statements();
create function dynamic_query_with_params(p int) returns void as $$
begin
  execute 'select 1 where $1 > 0' using p;
end;
$$ language plpgsql;
set plpgsql_check.profiler to on;
select dynamic_query_with_params(1);
 dynamic_query_with_params 
---------------------------
 
(1 row)

set plpgsql_check.profiler to off;
drop function dynamic_query_with_params(int);
create function case_over_record() returns int as $$
declare
  r record;
begin
  case r
    when null then return 1;
    else return 2;
  end case;
end;
$$ language plpgsql;
select * from plpgsql_check_function('case_over_record()');
 plpgsql_check_function 
------------------------
(0 rows)

drop function case_over_record();
create table dynsql_tab(a int);
create function dynamic_sql_forms(tname text) returns void as $$
declare
  query text;
begin
  execute 'select * from dynsql_tab';
  execute format('select * from %I', tname);
  query := 'select * from ' || quote_ident(tname);
  execute query;
end;
$$ language plpgsql;
select * from plpgsql_check_function('dynamic_sql_forms(text)',
                                     all_warnings => true);
                          plpgsql_check_function                           
---------------------------------------------------------------------------
 performance:00000:5:EXECUTE:immutable expression without parameters found
 Detail: the EXECUTE command is not necessary probably
 Hint: Don't use dynamic SQL when you can use static SQL.
(3 rows)

drop function dynamic_sql_forms(text);
drop table dynsql_tab;
create function uninitialized_is_mp(v text) returns void as $$
begin
  -- the %L placeholder makes the query non constant, so it is checked in a
  -- subtransaction, and the check fails because the table does not exist
  execute format('select * from missing_table where a = %L', v);
end;
$$ language plpgsql;
select * from plpgsql_check_function('uninitialized_is_mp(text)',
                                     all_warnings => true);
 plpgsql_check_function 
------------------------
(0 rows)

drop function uninitialized_is_mp(text);
create table traced_tab(a int);
insert into traced_tab values(1);
create or replace function traced_trg_func() returns trigger as $$
begin
  return old;
end;
$$ language plpgsql;
create trigger traced_trg before delete on traced_tab
  for each row execute procedure traced_trg_func();
set plpgsql_check.enable_tracer to on;
set plpgsql_check.tracer to on;
set plpgsql_check.tracer_test_mode to true;
delete from traced_tab;
NOTICE:  #0   ->> start of function traced_trg_func() (oid=0, tnl=1)
NOTICE:  #0       triggered by before row delete trigger
NOTICE:  #0       "old" => '(1)'
NOTICE:  #0   <<- end of function traced_trg_func (elapsed time=0.010 ms)
set plpgsql_check.tracer to off;
set plpgsql_check.enable_tracer to off;
drop table traced_tab cascade;
drop function traced_trg_func();
create function failing_assert() returns void as $$
declare
  r record;
begin
  select 1 as x into r;
  -- the reference to a record field creates a RECFIELD datum
  assert r.x = 2;
end;
$$ language plpgsql;
set plpgsql_check.enable_tracer to on;
set plpgsql_check.tracer to on;
set plpgsql_check.trace_assert to on;
set plpgsql_check.tracer_test_mode to true;
select failing_assert();
NOTICE:  #0   ->> start of function failing_assert() (oid=0, tnl=1)
NOTICE:  #0 PLpgSQL assert expression (r.x = 2) on line 7 of failing_assert() is false
NOTICE:   "r" => '(1)', "r"."x" => '1'
ERROR:  assertion failed
CONTEXT:  PL/pgSQL function failing_assert() line 7 at ASSERT
NOTICE:  #0   <<- end of function failing_assert (elapsed time=0.010 ms) aborted
set plpgsql_check.trace_assert to off;
set plpgsql_check.tracer to off;
set plpgsql_check.enable_tracer to off;
drop function failing_assert();
create function dynamic_record_param() returns setof record as $$
begin
  -- the 12th USING argument is a record, so the tuple descriptor of the
  -- returned unpinned record is deduced from the param
  return query execute 'select $12'
                 using 1, 2, 3, 4, 5, 6, 7, 8, 9, 10, 11, row(1, 2);
end;
$$ language plpgsql;
select * from plpgsql_check_function('dynamic_record_param()');
 plpgsql_check_function 
------------------------
(0 rows)

drop function dynamic_record_param();
create function polymorphic_out_first(out b anyelement, a anyelement) as $$
begin
  b := a;
end;
$$ language plpgsql;
create function call_polymorphic_out_first() returns void as $$
declare
  arg record;
  res record;
begin
  select 1 as x, 2 as y into arg;
  res := polymorphic_out_first(arg);
  raise notice '%', res;
end;
$$ language plpgsql;
select * from plpgsql_check_function('call_polymorphic_out_first()');
 plpgsql_check_function 
------------------------
(0 rows)

drop function call_polymorphic_out_first();
drop function polymorphic_out_first(anyelement);
create function memsafety_profiled_fx() returns int as $$
begin
  return 1;
end;
$$ language plpgsql;
set plpgsql_check.profiler to on;
begin;
select memsafety_profiled_fx();
 memsafety_profiled_fx 
-----------------------
                     1
(1 row)

select plpgsql_profiler_reset_all();
 plpgsql_profiler_reset_all 
----------------------------
 
(1 row)

select memsafety_profiled_fx();
 memsafety_profiled_fx 
-----------------------
                     1
(1 row)

select plpgsql_profiler_reset_all();
 plpgsql_profiler_reset_all 
----------------------------
 
(1 row)

commit;
begin;
select memsafety_profiled_fx();
 memsafety_profiled_fx 
-----------------------
                     1
(1 row)

select plpgsql_profiler_reset_all();
 plpgsql_profiler_reset_all 
----------------------------
 
(1 row)

rollback;
set plpgsql_check.profiler to off;
drop function memsafety_profiled_fx();
create table memsafety_pt(a int);
create function memsafety_pragma_tokens() returns void as $$
declare r record;
begin
  -- "(", ")", ",", "[" and "]" are one character tokens
  perform plpgsql_check_pragma('table: memsafety_pt1(a int, b numeric(10,2), c int[])');
  perform plpgsql_check_pragma('table: memsafety_pt2(like memsafety_pt)');
  for r in execute 'select * from memsafety_pt1' loop
    raise notice '%', r.b;
  end loop;
  for r in execute 'select * from memsafety_pt2' loop
    raise notice '%', r.a;
  end loop;
end;
$$ language plpgsql;
select * from plpgsql_check_function('memsafety_pragma_tokens()');
 plpgsql_check_function 
------------------------
(0 rows)

drop function memsafety_pragma_tokens();
drop table memsafety_pt;
create function memsafety_format_pct() returns void as $$
begin
  raise notice '%', format('abc%');
end;
$$ language plpgsql;
select * from plpgsql_check_function('memsafety_format_pct()');
                  plpgsql_check_function                  
----------------------------------------------------------
 error:22023:3:RAISE:unterminated format() type specifier
 Query: format('abc%')
 --            ^
 Hint: For a single "%%" use "%%%%".
(4 rows)

drop function memsafety_format_pct();
create function memsafety_format_pct2() returns void as $$
begin
  raise notice '%', format('abc%', 1);
end;
$$ language plpgsql;
select * from plpgsql_check_function('memsafety_format_pct2()');
                  plpgsql_check_function                  
----------------------------------------------------------
 error:22023:3:RAISE:unterminated format() type specifier
 Query: format('abc%', 1)
 --            ^
 Hint: For a single "%%" use "%%%%".
(4 rows)

drop function memsafety_format_pct2();
create function memsafety_nextval_missing_rel() returns void as $$
begin
  perform nextval('4294967000'::regclass);
end;
$$ language plpgsql;
select * from plpgsql_check_function('memsafety_nextval_missing_rel()');
                plpgsql_check_function                
------------------------------------------------------
 error:42809:3:PERFORM:"4294967000" is not a sequence
 Query: SELECT nextval('4294967000'::regclass)
 --                    ^
(3 rows)

drop function memsafety_nextval_missing_rel();
